// Jest Snapshot v1, https://goo.gl/fbAQLP

exports[`RefreshTimeButton Component should render 1`] = `
<button
  class="refresh-button btn btn-link"
  type="button"
>
  <span
    aria-hidden="true"
    class="fa fa-refresh"
  />
  <span
    class="last-refresh-time"
  >
    Refreshed 
  </span>
</button>
`;
