// Jest Snapshot v1, https://goo.gl/fbAQLP

exports[`SimpleTooltip Component should render 1`] = `
<span>
  Test tooltip
</span>
`;
