// Jest Snapshot v1, https://goo.gl/fbAQLP

exports[`label 1`] = `
<label
  class="col-sm-3 control-label"
  for="test"
/>
`;

exports[`render 1`] = `
<div
  class="form-group"
>
  <label
    class="col-sm-3 control-label"
    for="test"
  />
  <div
    class="col-sm-9"
  >
    <input
      id="test"
      readonly=""
      type="text"
      value=""
    />
  </div>
</div>
`;
