// Jest Snapshot v1, https://goo.gl/fbAQLP

exports[`ScanSourceList Component should shallow render a basic component with status 1`] = `
<Grid
  bsClass="container"
  componentClass="div"
  fluid={true}
>
  <Row
    bsClass="row"
    componentClass="div"
    key="15"
  >
    <Col
      bsClass="col"
      componentClass="div"
      md={3}
      xs={4}
    >
      <Icon
        name="network-range"
        type="pf"
      />
      Â  
      TestSource
    </Col>
    <Col
      bsClass="col"
      componentClass="div"
      md={9}
      xs={8}
    >
      Connection Scan: checking status...
    </Col>
  </Row>
</Grid>
`;
