// Jest Snapshot v1, https://goo.gl/fbAQLP

exports[`ViewPaginationRow Component should render 1`] = `
<form
  class="content-view-pf-pagination list-view-pagination-top list-view-pf-pagination clearfix"
>
  <div
    class="form-group"
  >
    <div
      class="dropdown pagination-pf-pagesize btn-group"
    >
      <button
        aria-expanded="false"
        aria-haspopup="true"
        class="dropdown-toggle btn btn-default"
        id="pagination-row-dropdown"
        role="button"
        type="button"
      >
        10 
        <span
          class="caret"
        />
      </button>
      <ul
        aria-labelledby="pagination-row-dropdown"
        class="dropdown-menu"
        role="menu"
      >
        <li
          class="active"
          role="presentation"
        >
          <a
            href="#"
            role="menuitem"
            tabindex="-1"
          >
            10
          </a>
        </li>
        <li
          class=""
          role="presentation"
        >
          <a
            href="#"
            role="menuitem"
            tabindex="-1"
          >
            15
          </a>
        </li>
        <li
          class=""
          role="presentation"
        >
          <a
            href="#"
            role="menuitem"
            tabindex="-1"
          >
            25
          </a>
        </li>
        <li
          class=""
          role="presentation"
        >
          <a
            href="#"
            role="menuitem"
            tabindex="-1"
          >
            50
          </a>
        </li>
        <li
          class=""
          role="presentation"
        >
          <a
            href="#"
            role="menuitem"
            tabindex="-1"
          >
            100
          </a>
        </li>
      </ul>
    </div>
    <span>
      per page
    </span>
  </div>
  <div
    class="form-group"
  >
    <span>
      <span
        class="pagination-pf-items-current"
      >
        1-10
      </span>
       of 
      <span
        class="pagination-pf-items-total"
      >
        200
      </span>
    </span>
    <ul
      class="pagination pagination-pf-back"
    >
      <li
        class="disabled"
      >
        <a
          href="#"
          title="First Page"
        >
          <span
            aria-hidden="true"
            class="fa fa-angle-double-left i"
          />
        </a>
      </li>
      <li
        class="disabled"
      >
        <a
          href="#"
          title="Previous Page"
        >
          <span
            aria-hidden="true"
            class="fa fa-angle-left i"
          />
        </a>
      </li>
    </ul>
    <label
      class="sr-only control-label"
    >
      Current Page
    </label>
    <input
      class="pagination-pf-page form-control"
      type="text"
      value="1"
    />
    <span>
       of 
      <span
        class="pagination-pf-pages"
      >
        20
      </span>
    </span>
    <ul
      class="pagination pagination-pf-forward"
    >
      <li
        class=""
      >
        <a
          href="#"
          title="Next Page"
        >
          <span
            aria-hidden="true"
            class="fa fa-angle-right i"
          />
        </a>
      </li>
      <li
        class=""
      >
        <a
          href="#"
          title="Last Page"
        >
          <span
            aria-hidden="true"
            class="fa fa-angle-double-right i"
          />
        </a>
      </li>
    </ul>
  </div>
</form>
`;
